
> @askrjs/themes@0.0.5 test
> npm run test:unit && npm run test:jsdom && npm run test:browser


> @askrjs/themes@0.0.5 test:unit
> vp test run -c vitest.test.unit.config.ts

[1m[7m[34m RUN [39m[27m[22m [90mD:/repos/askrjs/askr-themes[39m

 [31mΓ¥»[39m tests/unit/responsive-theme-contract.test.ts [2m([22m[2m3 tests[22m[2m | [22m[31m1 failed[39m[2m)[22m[32m 14[2mms[22m[39m
     [32mΓ£ô[39m keeps the default theme responsive layout contract in place[32m 3[2mms[22m[39m
[31m     [31m├ù[31m keeps the generated theme template aligned with the default responsive layout contract[39m[32m 9[2mms[22m[39m
     [32mΓ£ô[39m documents responsive theming guidance[32m 0[2mms[22m[39m
 [32mΓ£ô[39m tests/unit/tokens.test.ts [2m([22m[2m12 tests[22m[2m)[22m[32m 24[2mms[22m[39m
 [32mΓ£ô[39m tests/unit/no-important.test.ts [2m([22m[2m61 tests[22m[2m)[22m[32m 16[2mms[22m[39m
 [31mΓ¥»[39m tests/unit/selectors.test.ts [2m([22m[2m153 tests[22m[2m | [22m[31m1 failed[39m[2m)[22m[32m 62[2mms[22m[39m
     [32mΓ£ô[39m should find component CSS files[32m 2[2mms[22m[39m
     [32mΓ£ô[39m button-group.css: uses only data-attribute selectors (no classes, IDs, or elements)[32m 0[2mms[22m[39m
     [32mΓ£ô[39m button.css: uses only data-attribute selectors (no classes, IDs, or elements)[32m 0[2mms[22m[39m
     [32mΓ£ô[39m toggle-group.css: uses only data-attribute selectors (no classes, IDs, or elements)[32m 2[2mms[22m[39m
     [32mΓ£ô[39m toggle.css: uses only data-attribute selectors (no classes, IDs, or elements)[32m 1[2mms[22m[39m
     [32mΓ£ô[39m icon.css: uses only data-attribute selectors (no classes, IDs, or elements)[32m 0[2mms[22m[39m
     [32mΓ£ô[39m reset.css: uses only data-attribute selectors (no classes, IDs, or elements)[32m 0[2mms[22m[39m
     [32mΓ£ô[39m typography.css: uses only data-attribute selectors (no classes, IDs, or elements)[32m 0[2mms[22m[39m
     [32mΓ£ô[39m utilities.css: uses only data-attribute selectors (no classes, IDs, or elements)[32m 0[2mms[22m[39m
     [32mΓ£ô[39m accordion.css: uses only data-attribute selectors (no classes, IDs, or elements)[32m 1[2mms[22m[39m
     [32mΓ£ô[39m collapsible.css: uses only data-attribute selectors (no classes, IDs, or elements)[32m 0[2mms[22m[39m
     [32mΓ£ô[39m alert.css: uses only data-attribute selectors (no classes, IDs, or elements)[32m 0[2mms[22m[39m
     [32mΓ£ô[39m avatar.css: uses only data-attribute selectors (no classes, IDs, or elements)[32m 0[2mms[22m[39m
     [32mΓ£ô[39m badge.css: uses only data-attribute selectors (no classes, IDs, or elements)[32m 0[2mms[22m[39m
     [32mΓ£ô[39m card.css: uses only data-attribute selectors (no classes, IDs, or elements)[32m 0[2mms[22m[39m
     [32mΓ£ô[39m coverage.css: uses only data-attribute selectors (no classes, IDs, or elements)[32m 2[2mms[22m[39m
     [32mΓ£ô[39m list-group.css: uses only data-attribute selectors (no classes, IDs, or elements)[32m 0[2mms[22m[39m
     [32mΓ£ô[39m progress-circle.css: uses only data-attribute selectors (no classes, IDs, or elements)[32m 0[2mms[22m[39m
     [32mΓ£ô[39m progress.css: uses only data-attribute selectors (no classes, IDs, or elements)[32m 0[2mms[22m[39m
     [32mΓ£ô[39m scroll-area.css: uses only data-attribute selectors (no classes, IDs, or elements)[32m 0[2mms[22m[39m
     [32mΓ£ô[39m separator.css: uses only data-attribute selectors (no classes, IDs, or elements)[32m 0[2mms[22m[39m
     [32mΓ£ô[39m skeleton.css: uses only data-attribute selectors (no classes, IDs, or elements)[32m 1[2mms[22m[39m
     [32mΓ£ô[39m spinner.css: uses only data-attribute selectors (no classes, IDs, or elements)[32m 0[2mms[22m[39m
     [32mΓ£ô[39m table.css: uses only data-attribute selectors (no classes, IDs, or elements)[32m 1[2mms[22m[39m
     [32mΓ£ô[39m virtual-list.css: uses only data-attribute selectors (no classes, IDs, or elements)[32m 0[2mms[22m[39m
     [32mΓ£ô[39m virtual-table.css: uses only data-attribute selectors (no classes, IDs, or elements)[32m 0[2mms[22m[39m
     [32mΓ£ô[39m checkbox.css: uses only data-attribute selectors (no classes, IDs, or elements)[32m 0[2mms[22m[39m
     [32mΓ£ô[39m field.css: uses only data-attribute selectors (no classes, IDs, or elements)[32m 0[2mms[22m[39m
     [32mΓ£ô[39m form.css: uses only data-attribute selectors (no classes, IDs, or elements)[32m 0[2mms[22m[39m
     [32mΓ£ô[39m input-group.css: uses only data-attribute selectors (no classes, IDs, or elements)[32m 0[2mms[22m[39m
     [32mΓ£ô[39m input.css: uses only data-attribute selectors (no classes, IDs, or elements)[32m 0[2mms[22m[39m
     [32mΓ£ô[39m label.css: uses only data-attribute selectors (no classes, IDs, or elements)[32m 0[2mms[22m[39m
     [32mΓ£ô[39m radio-group.css: uses only data-attribute selectors (no classes, IDs, or elements)[32m 0[2mms[22m[39m
     [32mΓ£ô[39m select.css: uses only data-attribute selectors (no classes, IDs, or elements)[32m 0[2mms[22m[39m
     [32mΓ£ô[39m slider.css: uses only data-attribute selectors (no classes, IDs, or elements)[32m 0[2mms[22m[39m
     [32mΓ£ô[39m switch.css: uses only data-attribute selectors (no classes, IDs, or elements)[32m 0[2mms[22m[39m
     [32mΓ£ô[39m textarea.css: uses only data-attribute selectors (no classes, IDs, or elements)[32m 0[2mms[22m[39m
     [32mΓ£ô[39m aspect-ratio.css: uses only data-attribute selectors (no classes, IDs, or elements)[32m 0[2mms[22m[39m
     [32mΓ£ô[39m block.css: uses only data-attribute selectors (no classes, IDs, or elements)[32m 0[2mms[22m[39m
     [32mΓ£ô[39m layout.css: uses only data-attribute selectors (no classes, IDs, or elements)[32m 1[2mms[22m[39m
     [32mΓ£ô[39m patterns.css: uses only data-attribute selectors (no classes, IDs, or elements)[32m 0[2mms[22m[39m
[31m     [31m├ù[31m responsive-layout.css: uses only data-attribute selectors (no classes, IDs, or elements)[39m[32m 9[2mms[22m[39m
     [32mΓ£ô[39m breadcrumb.css: uses only data-attribute selectors (no classes, IDs, or elements)[32m 0[2mms[22m[39m
     [32mΓ£ô[39m menu.css: uses only data-attribute selectors (no classes, IDs, or elements)[32m 1[2mms[22m[39m
     [32mΓ£ô[39m menubar.css: uses only data-attribute selectors (no classes, IDs, or elements)[32m 1[2mms[22m[39m
     [32mΓ£ô[39m nav.css: uses only data-attribute selectors (no classes, IDs, or elements)[32m 0[2mms[22m[39m
     [32mΓ£ô[39m pagination.css: uses only data-attribute selectors (no classes, IDs, or elements)[32m 0[2mms[22m[39m
     [32mΓ£ô[39m alert-dialog.css: uses only data-attribute selectors (no classes, IDs, or elements)[32m 0[2mms[22m[39m
     [32mΓ£ô[39m dialog.css: uses only data-attribute selectors (no classes, IDs, or elements)[32m 0[2mms[22m[39m
     [32mΓ£ô[39m dropdown.css: uses only data-attribute selectors (no classes, IDs, or elements)[32m 0[2mms[22m[39m
     [32mΓ£ô[39m hover-card.css: uses only data-attribute selectors (no classes, IDs, or elements)[32m 0[2mms[22m[39m
     [32mΓ£ô[39m popover.css: uses only data-attribute selectors (no classes, IDs, or elements)[32m 1[2mms[22m[39m
     [32mΓ£ô[39m toast.css: uses only data-attribute selectors (no classes, IDs, or elements)[32m 1[2mms[22m[39m
     [32mΓ£ô[39m tooltip.css: uses only data-attribute selectors (no classes, IDs, or elements)[32m 0[2mms[22m[39m
     [32mΓ£ô[39m header.css: uses only data-attribute selectors (no classes, IDs, or elements)[32m 0[2mms[22m[39m
     [32mΓ£ô[39m navbar.css: uses only data-attribute selectors (no classes, IDs, or elements)[32m 0[2mms[22m[39m
     [32mΓ£ô[39m sidebar.css: uses only data-attribute selectors (no classes, IDs, or elements)[32m 1[2mms[22m[39m
     [32mΓ£ô[39m theme.css: uses only data-attribute selectors (no classes, IDs, or elements)[32m 0[2mms[22m[39m
     [32mΓ£ô[39m should find class-contract CSS files[32m 0[2mms[22m[39m
     [32mΓ£ô[39m button-group.css: uses plain kebab-case classes without an ak class prefix[32m 1[2mms[22m[39m
     [32mΓ£ô[39m button-group.css: only exposes approved public classes[32m 0[2mms[22m[39m
     [32mΓ£ô[39m button.css: uses plain kebab-case classes without an ak class prefix[32m 0[2mms[22m[39m
     [32mΓ£ô[39m button.css: only exposes approved public classes[32m 0[2mms[22m[39m
     [32mΓ£ô[39m utilities.css: uses plain kebab-case classes without an ak class prefix[32m 0[2mms[22m[39m
     [32mΓ£ô[39m utilities.css: only exposes approved public classes[32m 0[2mms[22m[39m
     [32mΓ£ô[39m alert.css: uses plain kebab-case classes without an ak class prefix[32m 0[2mms[22m[39m
     [32mΓ£ô[39m alert.css: only exposes approved public classes[32m 0[2mms[22m[39m
     [32mΓ£ô[39m avatar.css: uses plain kebab-case classes without an ak class prefix[32m 0[2mms[22m[39m
     [32mΓ£ô[39m avatar.css: only exposes approved public classes[32m 0[2mms[22m[39m
     [32mΓ£ô[39m badge.css: uses plain kebab-case classes without an ak class prefix[32m 0[2mms[22m[39m
     [32mΓ£ô[39m badge.css: only exposes approved public classes[32m 0[2mms[22m[39m
     [32mΓ£ô[39m card.css: uses plain kebab-case classes without an ak class prefix[32m 0[2mms[22m[39m
     [32mΓ£ô[39m card.css: only exposes approved public classes[32m 0[2mms[22m[39m
     [32mΓ£ô[39m list-group.css: uses plain kebab-case classes without an ak class prefix[32m 0[2mms[22m[39m
     [32mΓ£ô[39m list-group.css: only exposes approved public classes[32m 0[2mms[22m[39m
     [32mΓ£ô[39m field.css: uses plain kebab-case classes without an ak class prefix[32m 0[2mms[22m[39m
     [32mΓ£ô[39m field.css: only exposes approved public classes[32m 0[2mms[22m[39m
     [32mΓ£ô[39m input-group.css: uses plain kebab-case classes without an ak class prefix[32m 0[2mms[22m[39m
     [32mΓ£ô[39m input-group.css: only exposes approved public classes[32m 0[2mms[22m[39m
     [32mΓ£ô[39m input.css: uses plain kebab-case classes without an ak class prefix[32m 0[2mms[22m[39m
     [32mΓ£ô[39m input.css: only exposes approved public classes[32m 0[2mms[22m[39m
     [32mΓ£ô[39m label.css: uses plain kebab-case classes without an ak class prefix[32m 0[2mms[22m[39m
     [32mΓ£ô[39m label.css: only exposes approved public classes[32m 0[2mms[22m[39m
     [32mΓ£ô[39m select.css: uses plain kebab-case classes without an ak class prefix[32m 0[2mms[22m[39m
     [32mΓ£ô[39m select.css: only exposes approved public classes[32m 0[2mms[22m[39m
     [32mΓ£ô[39m textarea.css: uses plain kebab-case classes without an ak class prefix[32m 0[2mms[22m[39m
     [32mΓ£ô[39m textarea.css: only exposes approved public classes[32m 0[2mms[22m[39m
     [32mΓ£ô[39m patterns.css: uses plain kebab-case classes without an ak class prefix[32m 0[2mms[22m[39m
     [32mΓ£ô[39m patterns.css: only exposes approved public classes[32m 0[2mms[22m[39m
     [32mΓ£ô[39m pagination.css: uses plain kebab-case classes without an ak class prefix[32m 0[2mms[22m[39m
     [32mΓ£ô[39m pagination.css: only exposes approved public classes[32m 0[2mms[22m[39m
     [32mΓ£ô[39m dropdown.css: uses plain kebab-case classes without an ak class prefix[32m 0[2mms[22m[39m
     [32mΓ£ô[39m dropdown.css: only exposes approved public classes[32m 0[2mms[22m[39m
     [32mΓ£ô[39m navbar.css: uses plain kebab-case classes without an ak class prefix[32m 0[2mms[22m[39m
     [32mΓ£ô[39m navbar.css: only exposes approved public classes[32m 0[2mms[22m[39m
     [32mΓ£ô[39m button-group.css: anchors broad layout slots to a public layout root[32m 0[2mms[22m[39m
     [32mΓ£ô[39m button.css: anchors broad layout slots to a public layout root[32m 1[2mms[22m[39m
     [32mΓ£ô[39m toggle-group.css: anchors broad layout slots to a public layout root[32m 0[2mms[22m[39m
     [32mΓ£ô[39m toggle.css: anchors broad layout slots to a public layout root[32m 0[2mms[22m[39m
     [32mΓ£ô[39m icon.css: anchors broad layout slots to a public layout root[32m 0[2mms[22m[39m
     [32mΓ£ô[39m reset.css: anchors broad layout slots to a public layout root[32m 0[2mms[22m[39m
     [32mΓ£ô[39m typography.css: anchors broad layout slots to a public layout root[32m 0[2mms[22m[39m
     [32mΓ£ô[39m utilities.css: anchors broad layout slots to a public layout root[32m 0[2mms[22m[39m
     [32mΓ£ô[39m accordion.css: anchors broad layout slots to a public layout root[32m 0[2mms[22m[39m
     [32mΓ£ô[39m collapsible.css: anchors broad layout slots to a public layout root[32m 0[2mms[22m[39m
     [32mΓ£ô[39m alert.css: anchors broad layout slots to a public layout root[32m 0[2mms[22m[39m
     [32mΓ£ô[39m avatar.css: anchors broad layout slots to a public layout root[32m 0[2mms[22m[39m
     [32mΓ£ô[39m badge.css: anchors broad layout slots to a public layout root[32m 0[2mms[22m[39m
     [32mΓ£ô[39m card.css: anchors broad layout slots to a public layout root[32m 0[2mms[22m[39m
     [32mΓ£ô[39m coverage.css: anchors broad layout slots to a public layout root[32m 1[2mms[22m[39m
     [32mΓ£ô[39m list-group.css: anchors broad layout slots to a public layout root[32m 0[2mms[22m[39m
     [32mΓ£ô[39m progress-circle.css: anchors broad layout slots to a public layout root[32m 0[2mms[22m[39m
     [32mΓ£ô[39m progress.css: anchors broad layout slots to a public layout root[32m 0[2mms[22m[39m
     [32mΓ£ô[39m scroll-area.css: anchors broad layout slots to a public layout root[32m 0[2mms[22m[39m
     [32mΓ£ô[39m separator.css: anchors broad layout slots to a public layout root[32m 0[2mms[22m[39m
     [32mΓ£ô[39m skeleton.css: anchors broad layout slots to a public layout root[32m 0[2mms[22m[39m
     [32mΓ£ô[39m spinner.css: anchors broad layout slots to a public layout root[32m 0[2mms[22m[39m
     [32mΓ£ô[39m table.css: anchors broad layout slots to a public layout root[32m 0[2mms[22m[39m
     [32mΓ£ô[39m virtual-list.css: anchors broad layout slots to a public layout root[32m 0[2mms[22m[39m
     [32mΓ£ô[39m virtual-table.css: anchors broad layout slots to a public layout root[32m 0[2mms[22m[39m
     [32mΓ£ô[39m checkbox.css: anchors broad layout slots to a public layout root[32m 0[2mms[22m[39m
     [32mΓ£ô[39m field.css: anchors broad layout slots to a public layout root[32m 0[2mms[22m[39m
     [32mΓ£ô[39m form.css: anchors broad layout slots to a public layout root[32m 0[2mms[22m[39m
     [32mΓ£ô[39m input-group.css: anchors broad layout slots to a public layout root[32m 0[2mms[22m[39m
     [32mΓ£ô[39m input.css: anchors broad layout slots to a public layout root[32m 0[2mms[22m[39m
     [32mΓ£ô[39m label.css: anchors broad layout slots to a public layout root[32m 0[2mms[22m[39m
     [32mΓ£ô[39m radio-group.css: anchors broad layout slots to a public layout root[32m 0[2mms[22m[39m
     [32mΓ£ô[39m select.css: anchors broad layout slots to a public layout root[32m 0[2mms[22m[39m
     [32mΓ£ô[39m slider.css: anchors broad layout slots to a public layout root[32m 0[2mms[22m[39m
     [32mΓ£ô[39m switch.css: anchors broad layout slots to a public layout root[32m 0[2mms[22m[39m
     [32mΓ£ô[39m textarea.css: anchors broad layout slots to a public layout root[32m 0[2mms[22m[39m
     [32mΓ£ô[39m aspect-ratio.css: anchors broad layout slots to a public layout root[32m 0[2mms[22m[39m
     [32mΓ£ô[39m block.css: anchors broad layout slots to a public layout root[32m 0[2mms[22m[39m
     [32mΓ£ô[39m layout.css: anchors broad layout slots to a public layout root[32m 2[2mms[22m[39m
     [32mΓ£ô[39m patterns.css: anchors broad layout slots to a public layout root[32m 0[2mms[22m[39m
     [32mΓ£ô[39m responsive-layout.css: anchors broad layout slots to a public layout root[32m 0[2mms[22m[39m
     [32mΓ£ô[39m breadcrumb.css: anchors broad layout slots to a public layout root[32m 0[2mms[22m[39m
     [32mΓ£ô[39m menu.css: anchors broad layout slots to a public layout root[32m 0[2mms[22m[39m
     [32mΓ£ô[39m menubar.css: anchors broad layout slots to a public layout root[32m 0[2mms[22m[39m
     [32mΓ£ô[39m nav.css: anchors broad layout slots to a public layout root[32m 0[2mms[22m[39m
     [32mΓ£ô[39m pagination.css: anchors broad layout slots to a public layout root[32m 0[2mms[22m[39m
     [32mΓ£ô[39m alert-dialog.css: anchors broad layout slots to a public layout root[32m 0[2mms[22m[39m
     [32mΓ£ô[39m dialog.css: anchors broad layout slots to a public layout root[32m 0[2mms[22m[39m
     [32mΓ£ô[39m dropdown.css: anchors broad layout slots to a public layout root[32m 0[2mms[22m[39m
     [32mΓ£ô[39m hover-card.css: anchors broad layout slots to a public layout root[32m 0[2mms[22m[39m
     [32mΓ£ô[39m popover.css: anchors broad layout slots to a public layout root[32m 0[2mms[22m[39m
     [32mΓ£ô[39m toast.css: anchors broad layout slots to a public layout root[32m 0[2mms[22m[39m
     [32mΓ£ô[39m tooltip.css: anchors broad layout slots to a public layout root[32m 0[2mms[22m[39m
     [32mΓ£ô[39m header.css: anchors broad layout slots to a public layout root[32m 0[2mms[22m[39m
     [32mΓ£ô[39m navbar.css: anchors broad layout slots to a public layout root[32m 1[2mms[22m[39m
     [32mΓ£ô[39m sidebar.css: anchors broad layout slots to a public layout root[32m 1[2mms[22m[39m
     [32mΓ£ô[39m theme.css: anchors broad layout slots to a public layout root[32m 0[2mms[22m[39m
     [32mΓ£ô[39m uses only :root and [data-theme] selectors[32m 1[2mms[22m[39m
 [32mΓ£ô[39m tests/unit/contrast.test.ts [2m([22m[2m24 tests[22m[2m)[22m[32m 9[2mms[22m[39m
 [32mΓ£ô[39m tests/unit/template-parity.test.ts [2m([22m[2m10 tests[22m[2m)[22m[32m 9[2mms[22m[39m
 [32mΓ£ô[39m tests/unit/visual-quality-contract.test.ts [2m([22m[2m3 tests[22m[2m)[22m[32m 6[2mms[22m[39m
 [32mΓ£ô[39m tests/unit/jsx-helpers.test.ts [2m([22m[2m2 tests[22m[2m)[22m[32m 18[2mms[22m[39m
 [32mΓ£ô[39m tests/unit/merge-props.test.ts [2m([22m[2m3 tests[22m[2m)[22m[32m 5[2mms[22m[39m
 [32mΓ£ô[39m tests/unit/slot-coverage.test.ts [2m([22m[2m3 tests[22m[2m)[22m[32m 7[2mms[22m[39m
 [32mΓ£ô[39m tests/unit/layout-helpers.test.ts [2m([22m[2m5 tests[22m[2m)[22m[32m 10[2mms[22m[39m
 [32mΓ£ô[39m tests/unit/alias-contract.test.ts [2m([22m[2m205 tests[22m[2m)[22m[32m 273[2mms[22m[39m
 [32mΓ£ô[39m tests/unit/docs-surface.test.ts [2m([22m[2m2 tests[22m[2m)[22m[32m 7[2mms[22m[39m
 [32mΓ£ô[39m tests/unit/icons.test.ts [2m([22m[2m3 tests[22m[2m)[22m[32m 4[2mms[22m[39m
 [32mΓ£ô[39m tests/unit/navigation-contracts.test.ts [2m([22m[2m3 tests[22m[2m)[22m[32m 7[2mms[22m[39m
 [32mΓ£ô[39m tests/unit/themed-layout-wrappers.test.ts [2m([22m[2m2 tests[22m[2m)[22m[32m 5[2mms[22m[39m
 [32mΓ£ô[39m tests/unit/header-components.test.ts [2m([22m[2m2 tests[22m[2m)[22m[32m 5[2mms[22m[39m
 [32mΓ£ô[39m tests/unit/shell-edge-components.test.ts [2m([22m[2m4 tests[22m[2m)[22m[32m 8[2mms[22m[39m
 [32mΓ£ô[39m tests/unit/components-entrypoint.test.ts [2m([22m[2m3 tests[22m[2m)[22m[32m 7[2mms[22m[39m
 [32mΓ£ô[39m tests/unit/component-coverage.test.ts [2m([22m[2m7 tests[22m[2m)[22m[32m 9[2mms[22m[39m
 [32mΓ£ô[39m tests/unit/theme-toggle.test.ts [2m([22m[2m2 tests[22m[2m)[22m[32m 4[2mms[22m[39m
 [32mΓ£ô[39m tests/unit/card-components.test.ts [2m([22m[2m4 tests[22m[2m)[22m[32m 4[2mms[22m[39m
 [32mΓ£ô[39m tests/unit/package-surface.test.ts [2m([22m[2m4 tests[22m[2m)[22m[32m 7[2mms[22m[39m
 [32mΓ£ô[39m tests/unit/theme-aliases.test.ts [2m([22m[2m3 tests[22m[2m)[22m[32m 5[2mms[22m[39m
 [32mΓ£ô[39m tests/unit/moved-components.test.ts [2m([22m[2m9 tests[22m[2m)[22m[32m 7[2mms[22m[39m
node.exe : 
At line:1 char:1
+ & "C:\Program Files\nodejs/node.exe" "C:\Users\jrepa\AppData\Roaming\ ...
+ ~~~~~~~~~~~~~~~~~~~~~~~~~~~~~~~~~~~~~~~~~~~~~~~~~~~~~~~~~~~~~~~~~~~~~
    + CategoryInfo          : NotSpecified: (:String) [], RemoteException
    + FullyQualifiedErrorId : NativeCommandError
 
[31mΓÄ»ΓÄ»ΓÄ»ΓÄ»ΓÄ»ΓÄ»ΓÄ»[39m[1m[41m Failed Tests 2 
[49m[22m[31mΓÄ»ΓÄ»ΓÄ»ΓÄ»ΓÄ»ΓÄ»ΓÄ»[39m

[41m[1m FAIL [22m[49m tests/unit/responsive-theme-contract.test.ts[2m > 
[22mresponsive theme contract[2m > [22mkeeps the generated theme template 
aligned with the default responsive layout contract
[31m[1mAssertionError[22m: expected ':where([data-slot="shell"]) {\n  
min-ΓÇª' to be ':where([data-slot="shell"]) {\n  min-ΓÇª' // Object.is 
equality[39m

[32m- Expected[39m
[31m+ Received[39m

[33m@@ -2,14 +2,10 @@[39m
[2m    min-block-size: 100vh;[22m
[2m    background: var(--ak-color-bg);[22m
[2m    color: var(--ak-color-text);[22m
[2m  }[22m

[32m- body[data-shell-scroll-lock="true"] {[39m
[32m-   overflow: hidden;[39m
[32m- }[39m
[32m-[39m
[2m  :where([data-slot="shell"]) {[22m
[2m    display: flex;[22m
[2m  }[22m

[2m  :where([data-slot="shell"][data-variant="topbar"]) {[22m

[36m [2mΓ¥»[22m 
tests/unit/responsive-theme-contract.test.ts:[2m110:32[22m[39m
    [90m108|[39m     }
    [90m109|[39m
    [90m110|[39m     [34mexpect[39m(templateResponsive)[33m.[39m[34mtoBe
[39m(defaultResponsive)[33m;[39m
    [90m   |[39m                                [31m^[39m
    [90m111|[39m     expect(templateLayout).toContain("Layout primitive 
contract placehΓÇª
    [90m112|[39m   })[33m;[39m
[90m [2mΓ¥»[22m node_modules/@voidzero-dev/vite-plus-test/dist/@vitest/runne
r/chunk-artifact.js:[2m302:14[22m[39m
[90m [2mΓ¥»[22m node_modules/@voidzero-dev/vite-plus-test/dist/@vitest/runne
r/chunk-artifact.js:[2m1903:28[22m[39m
[90m [2mΓ¥»[22m node_modules/@voidzero-dev/vite-plus-test/dist/@vitest/runne
r/chunk-artifact.js:[2m2326:24[22m[39m
[90m [2mΓ¥»[22m runWithCancel node_modules/@voidzero-dev/vite-plus-test/dist
/@vitest/runner/chunk-artifact.js:[2m2323:12[22m[39m
[90m [2mΓ¥»[22m node_modules/@voidzero-dev/vite-plus-test/dist/@vitest/runne
r/chunk-artifact.js:[2m2305:24[22m[39m
[90m [2mΓ¥»[22m runWithTimeout node_modules/@voidzero-dev/vite-plus-test/dis
t/@vitest/runner/chunk-artifact.js:[2m2272:12[22m[39m
[90m [2mΓ¥»[22m node_modules/@voidzero-dev/vite-plus-test/dist/@vitest/runne
r/chunk-artifact.js:[2m2955:70[22m[39m

[31m[2mΓÄ»ΓÄ»ΓÄ»ΓÄ»ΓÄ»ΓÄ»ΓÄ»ΓÄ»ΓÄ»ΓÄ»ΓÄ»ΓÄ»ΓÄ»ΓÄ»ΓÄ»ΓÄ»ΓÄ»ΓÄ»ΓÄ»ΓÄ»ΓÄ»ΓÄ»ΓÄ»Γ
Ä»[1/2]ΓÄ»[22m[39m

[41m[1m FAIL [22m[49m tests/unit/selectors.test.ts[2m > [22mCSS selector 
contract[2m > [22mresponsive-layout.css: uses only data-attribute selectors 
(no classes, IDs, or elements)
[31m[1mAssertionError[22m: expected [ Array(1) ] to deeply equal [][39m

[32m- Expected[39m
[31m+ Received[39m

[32m- [][39m
[31m+ [[39m
[31m+   "bare element or unexpected selector fragment: \"body\" in 
\"body[data-shell-scroll-lock=\"true\"]\" in selector 
\"body[data-shell-scroll-lock=\"true\"]\"",[39m
[31m+ ][39m

[36m [2mΓ¥»[22m tests/unit/selectors.test.ts:[2m467:26[22m[39m
    [90m465|[39m       }
    [90m466|[39m
    [90m467|[39m       
[34mexpect[39m(violations)[33m.[39m[34mtoEqual[39m([])[33m;[39m
    [90m   |[39m                          [31m^[39m
    [90m468|[39m     })[33m;[39m
    [90m469|[39m   }
[90m [2mΓ¥»[22m node_modules/@voidzero-dev/vite-plus-test/dist/@vitest/runne
r/chunk-artifact.js:[2m302:14[22m[39m
[90m [2mΓ¥»[22m node_modules/@voidzero-dev/vite-plus-test/dist/@vitest/runne
r/chunk-artifact.js:[2m1903:28[22m[39m
[90m [2mΓ¥»[22m node_modules/@voidzero-dev/vite-plus-test/dist/@vitest/runne
r/chunk-artifact.js:[2m2326:24[22m[39m
[90m [2mΓ¥»[22m runWithCancel node_modules/@voidzero-dev/vite-plus-test/dist
/@vitest/runner/chunk-artifact.js:[2m2323:12[22m[39m
[90m [2mΓ¥»[22m node_modules/@voidzero-dev/vite-plus-test/dist/@vitest/runne
r/chunk-artifact.js:[2m2305:24[22m[39m
[90m [2mΓ¥»[22m runWithTimeout node_modules/@voidzero-dev/vite-plus-test/dis
t/@vitest/runner/chunk-artifact.js:[2m2272:12[22m[39m
[90m [2mΓ¥»[22m node_modules/@voidzero-dev/vite-plus-test/dist/@vitest/runne
r/chunk-artifact.js:[2m2955:70[22m[39m

[31m[2mΓÄ»ΓÄ»ΓÄ»ΓÄ»ΓÄ»ΓÄ»ΓÄ»ΓÄ»ΓÄ»ΓÄ»ΓÄ»ΓÄ»ΓÄ»ΓÄ»ΓÄ»ΓÄ»ΓÄ»ΓÄ»ΓÄ»ΓÄ»ΓÄ»ΓÄ»ΓÄ»Γ
Ä»[2/2]ΓÄ»[22m[39m


[2m Test Files [22m [1m[31m2 failed[39m[22m[2m | [22m[1m[32m23 passed[39m[22m[90m (25)[39m
[2m      Tests [22m [1m[31m2 failed[39m[22m[2m | [22m[1m[32m530 passed[39m[22m[90m (532)[39m
[2m   Start at [22m 17:04:22
[2m   Duration [22m 1.05s[2m (transform 3.08s, setup 0ms, import 7.07s, tests 533ms, environment 4ms)[22m

